// Jest Snapshot v1, https://goo.gl/fbAQLP

exports[`testCoreChartComponent 1`] = `
<body>
  <div>
    <div
      class="css-x47q84"
    >
      <div
        class="chart-box"
      >
        <div
          class="core-group"
        >
          <svg
            class="core"
          >
            <g
              transform="translate(1,1)"
            >
              <rect
                class="core-border"
                fill="none"
                height="278"
                rx="2"
                ry="2"
                width="128"
              />
              <text
                class="core-name"
                dominant-baseline="middle"
                text-anchor="middle"
                x="65"
                y="20"
              >
                Core0
              </text>
              <g
                transform="translate(20,35)"
                width="90"
              >
                <g
                  class="subCore"
                  transform="translate(0,0)"
                >
                  <g>
                    <rect
                      fill="#BC2021"
                      height="33"
                      rx="2"
                      ry="0"
                      width="90"
                      x="0"
                      y="0"
                    />
                    <text
                      dominant-baseline="middle"
                      text-anchor="middle"
                      x="45"
                      y="16.5"
                    >
                      Cube0
                    </text>
                  </g>
                  <g>
                    <rect
                      fill="#BC2021"
                      height="33"
                      rx="2"
                      ry="0"
                      width="90"
                      x="0"
                      y="33"
                    />
                    <text
                      dominant-baseline="middle"
                      text-anchor="middle"
                      x="45"
                      y="49.5"
                    >
                      612
                    </text>
                  </g>
                </g>
                <g
                  class="subCore"
                  transform="translate(0,81)"
                >
                  <g>
                    <rect
                      fill="#EF5353"
                      height="33"
                      rx="2"
                      ry="0"
                      width="90"
                      x="0"
                      y="0"
                    />
                    <text
                      dominant-baseline="middle"
                      text-anchor="middle"
                      x="45"
                      y="16.5"
                    >
                      Vector0
                    </text>
                  </g>
                  <g>
                    <rect
                      fill="#EF5353"
                      height="33"
                      rx="2"
                      ry="0"
                      width="90"
                      x="0"
                      y="33"
                    />
                    <text
                      dominant-baseline="middle"
                      text-anchor="middle"
                      x="45"
                      y="49.5"
                    >
                      1000
                    </text>
                  </g>
                </g>
                <g
                  class="subCore"
                  transform="translate(0,162)"
                >
                  <g>
                    <rect
                      height="33"
                      rx="2"
                      ry="0"
                      width="90"
                      x="0"
                      y="0"
                    />
                    <text
                      dominant-baseline="middle"
                      text-anchor="middle"
                      x="45"
                      y="16.5"
                    >
                      Vector1
                    </text>
                  </g>
                  <g>
                    <rect
                      height="33"
                      rx="2"
                      ry="0"
                      width="90"
                      x="0"
                      y="33"
                    />
                    <text
                      dominant-baseline="middle"
                      text-anchor="middle"
                      x="45"
                      y="49.5"
                    />
                  </g>
                </g>
              </g>
            </g>
          </svg>
          <svg
            class="core"
          >
            <g
              transform="translate(1,1)"
            >
              <rect
                class="core-border"
                fill="none"
                height="278"
                rx="2"
                ry="2"
                width="128"
              />
              <text
                class="core-name"
                dominant-baseline="middle"
                text-anchor="middle"
                x="65"
                y="20"
              >
                Core1
              </text>
              <g
                transform="translate(20,35)"
                width="90"
              >
                <g
                  class="subCore"
                  transform="translate(0,0)"
                >
                  <g>
                    <rect
                      fill="#D32322"
                      height="33"
                      rx="2"
                      ry="0"
                      width="90"
                      x="0"
                      y="0"
                    />
                    <text
                      dominant-baseline="middle"
                      text-anchor="middle"
                      x="45"
                      y="16.5"
                    >
                      Cube0
                    </text>
                  </g>
                  <g>
                    <rect
                      fill="#D32322"
                      height="33"
                      rx="2"
                      ry="0"
                      width="90"
                      x="0"
                      y="33"
                    />
                    <text
                      dominant-baseline="middle"
                      text-anchor="middle"
                      x="45"
                      y="49.5"
                    >
                      306
                    </text>
                  </g>
                </g>
                <g
                  class="subCore"
                  transform="translate(0,81)"
                >
                  <g>
                    <rect
                      fill="#A7CE52"
                      height="33"
                      rx="2"
                      ry="0"
                      width="90"
                      x="0"
                      y="0"
                    />
                    <text
                      dominant-baseline="middle"
                      text-anchor="middle"
                      x="45"
                      y="16.5"
                    >
                      Vector0
                    </text>
                  </g>
                  <g>
                    <rect
                      fill="#A7CE52"
                      height="33"
                      rx="2"
                      ry="0"
                      width="90"
                      x="0"
                      y="33"
                    />
                    <text
                      dominant-baseline="middle"
                      text-anchor="middle"
                      x="45"
                      y="49.5"
                    >
                      500
                    </text>
                  </g>
                </g>
                <g
                  class="subCore"
                  transform="translate(0,162)"
                >
                  <g>
                    <rect
                      height="33"
                      rx="2"
                      ry="0"
                      width="90"
                      x="0"
                      y="0"
                    />
                    <text
                      dominant-baseline="middle"
                      text-anchor="middle"
                      x="45"
                      y="16.5"
                    >
                      Vector1
                    </text>
                  </g>
                  <g>
                    <rect
                      height="33"
                      rx="2"
                      ry="0"
                      width="90"
                      x="0"
                      y="33"
                    />
                    <text
                      dominant-baseline="middle"
                      text-anchor="middle"
                      x="45"
                      y="49.5"
                    />
                  </g>
                </g>
              </g>
            </g>
          </svg>
          <svg
            class="core"
          >
            <g
              transform="translate(1,1)"
            >
              <rect
                class="core-border"
                fill="none"
                height="278"
                rx="2"
                ry="2"
                width="128"
              />
              <text
                class="core-name"
                dominant-baseline="middle"
                text-anchor="middle"
                x="65"
                y="20"
              >
                Core2
              </text>
              <g
                transform="translate(20,35)"
                width="90"
              >
                <g
                  class="subCore"
                  transform="translate(0,0)"
                >
                  <g>
                    <rect
                      fill="#EC2829"
                      height="33"
                      rx="2"
                      ry="0"
                      width="90"
                      x="0"
                      y="0"
                    />
                    <text
                      dominant-baseline="middle"
                      text-anchor="middle"
                      x="45"
                      y="16.5"
                    >
                      Cube0
                    </text>
                  </g>
                  <g>
                    <rect
                      fill="#EC2829"
                      height="33"
                      rx="2"
                      ry="0"
                      width="90"
                      x="0"
                      y="33"
                    />
                    <text
                      dominant-baseline="middle"
                      text-anchor="middle"
                      x="45"
                      y="49.5"
                    >
                      204
                    </text>
                  </g>
                </g>
                <g
                  class="subCore"
                  transform="translate(0,81)"
                >
                  <g>
                    <rect
                      fill="#94C32B"
                      height="33"
                      rx="2"
                      ry="0"
                      width="90"
                      x="0"
                      y="0"
                    />
                    <text
                      dominant-baseline="middle"
                      text-anchor="middle"
                      x="45"
                      y="16.5"
                    >
                      Vector0
                    </text>
                  </g>
                  <g>
                    <rect
                      fill="#94C32B"
                      height="33"
                      rx="2"
                      ry="0"
                      width="90"
                      x="0"
                      y="33"
                    />
                    <text
                      dominant-baseline="middle"
                      text-anchor="middle"
                      x="45"
                      y="49.5"
                    >
                      333
                    </text>
                  </g>
                </g>
                <g
                  class="subCore"
                  transform="translate(0,162)"
                >
                  <g>
                    <rect
                      height="33"
                      rx="2"
                      ry="0"
                      width="90"
                      x="0"
                      y="0"
                    />
                    <text
                      dominant-baseline="middle"
                      text-anchor="middle"
                      x="45"
                      y="16.5"
                    >
                      Vector1
                    </text>
                  </g>
                  <g>
                    <rect
                      height="33"
                      rx="2"
                      ry="0"
                      width="90"
                      x="0"
                      y="33"
                    />
                    <text
                      dominant-baseline="middle"
                      text-anchor="middle"
                      x="45"
                      y="49.5"
                    />
                  </g>
                </g>
              </g>
            </g>
          </svg>
        </div>
        <svg
          class="legend"
          height="300"
          width="70"
        >
          <g
            transform="translate(10,10)"
          >
            <text
              x="0"
              y="0"
            >
              Level
            </text>
            <g
              transform="translate(0,10)"
            >
              <g>
                <rect
                  fill="#679405"
                  height="25"
                  width="30"
                  x="0"
                  y="0"
                />
                <text
                  text-anchor="middle"
                  x="45"
                  y="16.25"
                >
                  10
                </text>
              </g>
              <g>
                <rect
                  fill="#74A604"
                  height="25"
                  width="30"
                  x="0"
                  y="25"
                />
                <text
                  text-anchor="middle"
                  x="45"
                  y="41.25"
                >
                  9
                </text>
              </g>
              <g>
                <rect
                  fill="#81BA06"
                  height="25"
                  width="30"
                  x="0"
                  y="50"
                />
                <text
                  text-anchor="middle"
                  x="45"
                  y="66.25"
                >
                  8
                </text>
              </g>
              <g>
                <rect
                  fill="#94C32B"
                  height="25"
                  width="30"
                  x="0"
                  y="75"
                />
                <text
                  text-anchor="middle"
                  x="45"
                  y="91.25"
                >
                  7
                </text>
              </g>
              <g>
                <rect
                  fill="#A7CE52"
                  height="25"
                  width="30"
                  x="0"
                  y="100"
                />
                <text
                  text-anchor="middle"
                  x="45"
                  y="116.25000000000001"
                >
                  6
                </text>
              </g>
              <g>
                <rect
                  fill="#EF5353"
                  height="25"
                  width="30"
                  x="0"
                  y="125"
                />
                <text
                  text-anchor="middle"
                  x="45"
                  y="141.25"
                >
                  5
                </text>
              </g>
              <g>
                <rect
                  fill="#ED3D3D"
                  height="25"
                  width="30"
                  x="0"
                  y="150"
                />
                <text
                  text-anchor="middle"
                  x="45"
                  y="166.25"
                >
                  4
                </text>
              </g>
              <g>
                <rect
                  fill="#EC2829"
                  height="25"
                  width="30"
                  x="0"
                  y="175"
                />
                <text
                  text-anchor="middle"
                  x="45"
                  y="191.25"
                >
                  3
                </text>
              </g>
              <g>
                <rect
                  fill="#D32322"
                  height="25"
                  width="30"
                  x="0"
                  y="200"
                />
                <text
                  text-anchor="middle"
                  x="45"
                  y="216.25"
                >
                  2
                </text>
              </g>
              <g>
                <rect
                  fill="#BC2021"
                  height="25"
                  width="30"
                  x="0"
                  y="225"
                />
                <text
                  text-anchor="middle"
                  x="45"
                  y="241.25"
                >
                  1
                </text>
              </g>
              <g>
                <rect
                  height="25"
                  width="30"
                  x="0"
                  y="250"
                />
                <text
                  text-anchor="middle"
                  x="45"
                  y="266.25"
                >
                  0
                </text>
              </g>
            </g>
          </g>
        </svg>
      </div>
    </div>
  </div>
</body>
`;
